\BOOKMARK [1][-]{section.1}{\376\377\000I\000n\000d\000l\000e\000d\000n\000i\000n\000g}{}% 1
\BOOKMARK [1][-]{section.2}{\376\377\000G\000r\000u\000p\000p\000e\000a\000r\000b\000e\000j\000d\000e}{}% 2
\BOOKMARK [1][-]{section.3}{\376\377\000P\000r\000o\000j\000e\000k\000t\000i\000n\000i\000t\000i\000e\000r\000i\000n\000g}{}% 3
\BOOKMARK [1][-]{section.4}{\376\377\000P\000r\000o\000j\000e\000k\000t\000u\000d\000f\000\370\000r\000e\000l\000s\000e}{}% 4
\BOOKMARK [2][-]{subsection.4.1}{\376\377\000O\000p\000r\000e\000t\000t\000e\000l\000s\000e\000\040\000a\000f\000\040\000p\000r\000o\000j\000e\000k\000t}{section.4}% 5
\BOOKMARK [2][-]{subsection.4.2}{\376\377\000G\000a\000m\000e\000\040\000S\000e\000s\000s\000i\000o\000n\000s}{section.4}% 6
\BOOKMARK [2][-]{subsection.4.3}{\376\377\000T\000e\000a\000m\000S\000e\000l\000e\000c\000t\000i\000o\000n}{section.4}% 7
\BOOKMARK [2][-]{subsection.4.4}{\376\377\000V\000o\000i\000c\000e\000C\000h\000a\000t}{section.4}% 8
\BOOKMARK [2][-]{subsection.4.5}{\376\377\000K\000u\000n\000d\000e\000k\000o\000n\000t\000a\000k\000t\000\040\000\046\000\040\0003\000D\000-\000s\000k\000a\000n\000n\000i\000n\000g\000\040\000a\000f\000\040\000K\000a\000t\000e\000d\000r\000a\000l\000s\000k\000o\000l\000e\000n}{section.4}% 9
\BOOKMARK [2][-]{subsection.4.6}{\376\377\000T\000i\000m\000e\000r}{section.4}% 10
\BOOKMARK [2][-]{subsection.4.7}{\376\377\000C\000l\000a\000s\000s\000\040\000S\000e\000l\000e\000c\000t\000i\000o\000n}{section.4}% 11
\BOOKMARK [2][-]{subsection.4.8}{\376\377\000S\000p\000e\000c\000e\000i\000l\000l\000e\000\040\000E\000v\000n\000e\000r}{section.4}% 12
\BOOKMARK [2][-]{subsection.4.9}{\376\377\000n\000\370\000g\000l\000e\000r\000\040\000o\000g\000\040\000k\000i\000s\000t\000e\000n}{section.4}% 13
\BOOKMARK [2][-]{subsection.4.10}{\376\377\000F\000a\000n\000g\000e\000\040\000M\000e\000c\000h\000a\000n\000i\000c}{section.4}% 14
\BOOKMARK [2][-]{subsection.4.11}{\376\377\000b\000e\000f\000r\000i\000\040\000f\000\346\000n\000g\000s\000l\000e\000t}{section.4}% 15
\BOOKMARK [2][-]{subsection.4.12}{\376\377\000W\000i\000n\000\040\000C\000o\000n\000d\000i\000t\000i\000o\000n\000s}{section.4}% 16
\BOOKMARK [2][-]{subsection.4.13}{\376\377\000m\000a\000p\000\040\000o\000p\000s\000\346\000t\000n\000i\000n\000g}{section.4}% 17
\BOOKMARK [2][-]{subsection.4.14}{\376\377\000A\000I\000\040\000N\000P\000C\000'\000e\000r}{section.4}% 18
\BOOKMARK [2][-]{subsection.4.15}{\376\377\000a\000f\000l\000s\000u\000t\000t\000e\000n\000d\000e\000\040\000f\000o\000r\000b\000e\000d\000r\000i\000n\000g\000e\000r}{section.4}% 19
\BOOKMARK [1][-]{section.5}{\376\377\000P\000e\000r\000s\000o\000n\000l\000i\000g\000e\000\040\000R\000e\000f\000l\000e\000k\000s\000i\000o\000n\000e\000r}{}% 20
\BOOKMARK [2][-]{subsection.5.1}{\376\377\000J\000o\000n\000a\000t\000h\000a\000n}{section.5}% 21
\BOOKMARK [2][-]{subsection.5.2}{\376\377\000V\000i\000c\000t\000o\000r}{section.5}% 22
\BOOKMARK [2][-]{subsection.5.3}{\376\377\000N\000i\000k\000o\000l\000a\000j}{section.5}% 23
\BOOKMARK [1][-]{section.6}{\376\377\000R\000e\000f\000l\000e\000k\000s\000i\000o\000n\000\040\000o\000v\000e\000r\000\040\000v\000e\000j\000l\000e\000d\000n\000i\000n\000g}{}% 24
\BOOKMARK [1][-]{section.7}{\376\377\000K\000o\000n\000k\000l\000u\000s\000i\000o\000n}{}% 25
