\BOOKMARK [1][-]{section.1}{\376\377\000R\000e\000s\000u\000m\000e}{}% 1
\BOOKMARK [1][-]{section.2}{\376\377\000I\000n\000d\000l\000e\000d\000n\000i\000n\000g}{}% 2
\BOOKMARK [1][-]{section.3}{\376\377\000H\000o\000v\000e\000d\000a\000f\000s\000n\000i\000t}{}% 3
\BOOKMARK [2][-]{subsection.3.1}{\376\377\000M\000e\000t\000o\000d\000e\000r}{section.3}% 4
\BOOKMARK [3][-]{subsubsection.3.1.1}{\376\377\000S\000c\000r\000u\000m\000-\000l\000i\000g\000n\000e\000n\000d\000e\000\040\000u\000d\000v\000i\000k\000l\000i\000n\000g\000s\000m\000e\000t\000o\000d\000e}{subsection.3.1}% 5
\BOOKMARK [3][-]{subsubsection.3.1.2}{\376\377\000T\000e\000k\000n\000o\000l\000o\000g\000i\000e\000r\000\040\000o\000g\000\040\000u\000d\000v\000i\000k\000l\000i\000n\000g\000s\000v\000\346\000r\000k\000t\000\370\000j\000e\000r}{subsection.3.1}% 6
\BOOKMARK [3][-]{subsubsection.3.1.3}{\376\377\000P\000h\000o\000t\000o\000g\000r\000a\000m\000m\000e\000t\000r\000y\000\040\000o\000g\000\040\000m\000a\000p\000-\000u\000d\000v\000i\000k\000l\000i\000n\000g}{subsection.3.1}% 7
\BOOKMARK [3][-]{subsubsection.3.1.4}{\376\377\000D\000a\000t\000a\000i\000n\000d\000s\000a\000m\000l\000i\000n\000g\000\040\000o\000g\000\040\000s\000a\000m\000a\000r\000b\000e\000j\000d\000e\000\040\000m\000e\000d\000\040\000f\000a\000g\000p\000e\000r\000s\000o\000n\000e\000r}{subsection.3.1}% 8
\BOOKMARK [3][-]{subsubsection.3.1.5}{\376\377\000E\000t\000i\000s\000k\000e\000\040\000o\000v\000e\000r\000v\000e\000j\000e\000l\000s\000e\000r}{subsection.3.1}% 9
\BOOKMARK [2][-]{subsection.3.2}{\376\377\000A\000n\000a\000l\000y\000s\000e}{section.3}% 10
\BOOKMARK [3][-]{subsubsection.3.2.1}{\376\377\000U\000s\000e\000r\000S\000t\000o\000r\000i\000e\000s}{subsection.3.2}% 11
\BOOKMARK [3][-]{subsubsection.3.2.2}{\376\377\000I\000k\000k\000e\000\040\000f\000u\000n\000k\000t\000i\000o\000n\000e\000l\000l\000e\000\040\000k\000r\000a\000v}{subsection.3.2}% 12
\BOOKMARK [3][-]{subsubsection.3.2.3}{\376\377\000U\000s\000e\000c\000a\000s\000e\000\040\000D\000i\000a\000g\000r\000a\000m}{subsection.3.2}% 13
\BOOKMARK [3][-]{subsubsection.3.2.4}{\376\377\000A\000c\000t\000o\000r\000\040\000D\000i\000s\000c\000r\000i\000p\000t\000i\000o\000n}{subsection.3.2}% 14
\BOOKMARK [3][-]{subsubsection.3.2.5}{\376\377\000U\000s\000e\000\040\000c\000a\000s\000e\000\040\000b\000e\000s\000k\000r\000i\000v\000e\000l\000s\000e\000r}{subsection.3.2}% 15
\BOOKMARK [3][-]{subsubsection.3.2.6}{\376\377\000A\000k\000t\000i\000v\000i\000t\000e\000t\000s\000\040\000d\000i\000a\000g\000r\000a\000m\000m\000e\000r}{subsection.3.2}% 16
\BOOKMARK [3][-]{subsubsection.3.2.7}{\376\377\000S\000y\000s\000t\000e\000m\000\040\000s\000e\000q\000u\000e\000n\000c\000e\000\040\000d\000i\000a\000g\000r\000a\000m\000m\000e\000r}{subsection.3.2}% 17
\BOOKMARK [3][-]{subsubsection.3.2.8}{\376\377\000S\000t\000a\000t\000e\000\040\000m\000a\000s\000h\000i\000n\000e\000\040\000d\000i\000a\000g\000r\000a\000m\000m\000e\000r}{subsection.3.2}% 18
\BOOKMARK [3][-]{subsubsection.3.2.9}{\376\377\000D\000o\000m\000a\000i\000n\000e\000\040\000m\000o\000d\000e\000l}{subsection.3.2}% 19
\BOOKMARK [2][-]{subsection.3.3}{\376\377\000D\000e\000s\000i\000g\000n}{section.3}% 20
\BOOKMARK [3][-]{subsubsection.3.3.1}{\376\377\000K\000l\000a\000s\000s\000e\000\040\000d\000i\000a\000g\000r\000a\000m}{subsection.3.3}% 21
\BOOKMARK [3][-]{subsubsection.3.3.2}{\376\377\000S\000e\000q\000u\000e\000n\000c\000e\000\040\000d\000i\000a\000g\000r\000a\000m}{subsection.3.3}% 22
\BOOKMARK [3][-]{subsubsection.3.3.3}{\376\377\000C\000o\000n\000c\000e\000p\000t\000u\000a\000l\000\040\000E\000R\000-\000D\000i\000a\000g\000r\000a\000m}{subsection.3.3}% 23
\BOOKMARK [3][-]{subsubsection.3.3.4}{\376\377\000E\000E\000R\000-\000D\000i\000a\000g\000r\000a\000m}{subsection.3.3}% 24
\BOOKMARK [3][-]{subsubsection.3.3.5}{\376\377\000P\000a\000c\000k\000a\000g\000e\000\040\000D\000i\000a\000g\000r\000a\000m}{subsection.3.3}% 25
\BOOKMARK [2][-]{subsection.3.4}{\376\377\000I\000m\000p\000l\000e\000m\000e\000n\000t\000a\000t\000i\000o\000n}{section.3}% 26
\BOOKMARK [3][-]{subsubsection.3.4.1}{\376\377\000B\000r\000u\000g\000\040\000a\000f\000\040\000O\000O\000P}{subsection.3.4}% 27
\BOOKMARK [3][-]{subsubsection.3.4.2}{\376\377\000N\000e\000t\000v\000\346\000r\000k}{subsection.3.4}% 28
\BOOKMARK [3][-]{subsubsection.3.4.3}{\376\377\000C\000+\000+}{subsection.3.4}% 29
\BOOKMARK [3][-]{subsubsection.3.4.4}{\376\377\000B\000l\000u\000e\000p\000r\000i\000n\000t\000s}{subsection.3.4}% 30
\BOOKMARK [2][-]{subsection.3.5}{\376\377\000T\000e\000s\000t\000s}{section.3}% 31
\BOOKMARK [3][-]{subsubsection.3.5.1}{\376\377\000T\000e\000s\000t\000\040\000C\000a\000s\000e\000s}{subsection.3.5}% 32
\BOOKMARK [2][-]{subsection.3.6}{\376\377\000R\000e\000s\000u\000l\000t\000a\000t\000e\000r}{section.3}% 33
\BOOKMARK [1][-]{section.4}{\376\377\000D\000i\000s\000k\000u\000s\000s\000i\000o\000n}{}% 34
\BOOKMARK [1][-]{section.5}{\376\377\000K\000o\000n\000k\000l\000u\000s\000i\000o\000n\000\040\000o\000g\000\040\000a\000n\000b\000e\000f\000a\000l\000i\000n\000g\000e\000r}{}% 35
\BOOKMARK [1][-]{section.5}{\376\377\000L\000i\000t\000t\000e\000r\000a\000t\000u\000r}{}% 36
